$ node scripts/seo-audit-urls.mjs

SEO AUDIT URLs — 2026-10-09T20:20:26.298Z
============================================================
Páginas HTML analizadas: 2267
URLs en sitemap: 2264
------------------------------------------------------------
✓ sitemapIndexWrongHost: 0
✓ sitemapWrongHost: 0
✓ sitemapHttp: 0
✓ sitemapNoTrailingSlash: 0
✓ sitemapDuplicates: 0
✓ sitemapGracias: 0
✓ canonicalMissing: 0
✓ canonicalMultiple: 0
✓ canonicalWrongHost: 0
✓ canonicalWrongProtocol: 0
✓ canonicalNoTrailingSlash: 0
✓ canonicalNotSelfReferential: 0
✓ canonicalQueryString: 0
✓ indexableNotInSitemap: 0
✓ noindexInSitemap: 0
✓ internalLinkWrongHost: 0
✓ internalLinkHistoricSlug: 0
✓ internalLinkNoTrailingSlash: 0
============================================================
✓ Sin hallazgos estructurales.

EXIT=0
